ERC report (2026-06-15T19:18:48, Encoding UTF8)
Report includes: Errors, Warnings

***** Sheet /Raíz/
[duplicate_pins]: El pin  del símbolo 'MS1' está conectado a redes diferentes: +3V3 y GND
    ; error
    @(26.67 mm, 148.59 mm): Symbol MS1 Pin  [PS, Libre, Línea]
    @(26.67 mm, 156.21 mm): Symbol MS1 Pin  [CSB, Libre, Línea]
[duplicate_pins]: El pin  del símbolo 'MPU1' está conectado a redes diferentes: unconnected-(MPU1-RESV-Pad)_1 y unconnected-(MPU1-NC-Pad)_4
    ; error
    @(31.75 mm, 52.07 mm): Symbol MPU1 Pin  [RESV, Libre, Línea]
    @(31.75 mm, 54.61 mm): Symbol MPU1 Pin  [NC, Libre, Línea]
[power_pin_not_driven]: Input Power pin not driven by any Output Power pins
    ; error
    @(161.29 mm, 90.17 mm): Symbol U1 Pin 1 [GND, Entrada de alimentación, Línea]
[power_pin_not_driven]: Input Power pin not driven by any Output Power pins
    ; error
    @(219.71 mm, 76.20 mm): Symbol U3 Pin 1 [GND, Entrada de alimentación, Línea]
[duplicate_pins]: El pin  del símbolo 'MS2' está conectado a redes diferentes: /Raíz/16V y GND
    ; error
    @(236.22 mm, 130.81 mm): Symbol MS2 Pin  [IN+, Libre, Línea]
    @(236.22 mm, 134.62 mm): Symbol MS2 Pin  [IN-, Libre, Línea]
[power_pin_not_driven]: Input Power pin not driven by any Output Power pins
    ; error
    @(242.57 mm, 21.59 mm): Symbol U2 Pin 1 [VIN, Entrada de alimentación, Línea]
[multiple_net_names]: Tanto +3V3 como 3V3 están conectados a los mismos elementos; se utilizará +3V3 en el listado de redes
    ; warning
    @(161.29 mm, 19.05 mm): Symbol #PWR09 Pin 1 [Entrada de alimentación, Línea]
    @(49.53 mm, 148.59 mm): Etiqueta «3V3»
[isolated_pin_label]: Label connected to only one pin
    ; warning
    @(129.54 mm, 142.24 mm): Etiqueta «GNSS_RX»
[isolated_pin_label]: Label connected to only one pin
    ; warning
    @(132.08 mm, 142.24 mm): Etiqueta «GNSS_TX»
[isolated_pin_label]: Label connected to only one pin
    ; warning
    @(143.51 mm, 46.99 mm): Etiqueta «GPIO1»
[multiple_net_names]: Tanto GND como D están conectados a los mismos elementos; se utilizará GND en el listado de redes
    ; warning
    @(44.45 mm, 80.01 mm): Symbol #PWR011 Pin 1 [Entrada de alimentación, Línea]
    @(219.71 mm, 55.88 mm): Etiqueta «D»
[multiple_net_names]: Tanto +5V como 5V están conectados a los mismos elementos; se utilizará +5V en el listado de redes
    ; warning
    @(275.59 mm, 54.61 mm): Symbol #PWR08 Pin 1 [Entrada de alimentación, Línea]
    @(275.59 mm, 54.61 mm): Etiqueta «5V»
[isolated_pin_label]: Label connected to only one pin
    ; warning
    @(38.10 mm, 86.36 mm): Etiqueta «5V»

***** Sheet /HB100/
[duplicate_pins]: El pin  del símbolo 'MS3' está conectado a redes diferentes: /HB100/IF y /HB100/5V
    ; error
    @(40.64 mm, 83.82 mm): Symbol MS3 Pin  [IF+, Libre, Línea]
    @(40.64 mm, 86.36 mm): Symbol MS3 Pin  [VCC, Libre, Línea]
[power_pin_not_driven]: Input Power pin not driven by any Output Power pins
    ; error
    @(45.72 mm, 43.18 mm): Symbol U4 Pin 2 [V+, Entrada de alimentación, Línea]

 ** ERC messages: 15  Errors 8  Warnings 7

 ** Ignored checks:
    - Global label only appears once in the schematic
    - Four connection points are joined together
    - SPICE model issue
    - Assigned footprint doesn't match footprint filters
